#
# There is insufficient memory for the Java Runtime Environment to continue.
# Native memory allocation (mmap) failed to map 266338304 bytes. Error detail: G1 virtual space
# Possible reasons:
#   The system is out of physical RAM or swap space
#   This process is running with CompressedOops enabled, and the Java Heap may be blocking the growth of the native heap
# Possible solutions:
#   Reduce memory load on the system
#   Increase physical memory or swap space
#   Check if swap backing store is full
#   Decrease Java heap size (-Xmx/-Xms)
#   Decrease number of Java threads
#   Decrease Java thread stack sizes (-Xss)
#   Set larger code cache with -XX:ReservedCodeCacheSize=
#   JVM is running with Zero Based Compressed Oops mode in which the Java heap is
#     placed in the first 32GB address space. The Java Heap base address is the
#     maximum limit for the native heap growth. Please use -XX:HeapBaseMinAddress
#     to set the Java Heap base and to place the Java Heap above 32GB virtual address.
# This output file may be truncated or incomplete.
#
#  Out of Memory Error (os_windows.cpp:3785), pid=30908, tid=7504
#
# JRE version:  (25.0.4+1) (build )
# Java VM: OpenJDK 64-Bit Server VM (25.0.4+1-b508.27, mixed mode, sharing, tiered, compressed oops, compressed class ptrs, g1 gc, windows-amd64)
# No core dump will be written. Minidumps are not enabled by default on client versions of Windows
#

---------------  S U M M A R Y ------------

Command Line: externalApp.nativessh.NativeSshAskPassApp Enter passphrase for key '/c/Users/Pezi/.ssh/github_ed25519': 

Host: Intel(R) Core(TM) i7-8750H CPU @ 2.20GHz, 12 cores, 15G,  Windows 10 , 64 bit Build 19041 (10.0.19041.5915)
Time: Sat Sep 19 17:49:37 2026 Mitteleuropäische Sommerzeit elapsed time: 0.013990 seconds (0d 0h 0m 0s)

---------------  T H R E A D  ---------------

Current thread (0x000001c0e01529f0):  JavaThread "Unknown thread" [_thread_in_vm, id=7504, stack(0x0000006b35300000,0x0000006b35400000) (1024K)]

Stack: [0x0000006b35300000,0x0000006b35400000]
Native frames: (J=compiled Java code, j=interpreted, Vv=VM code, C=native code)
V  [jvm.dll+0x7c3f79]  (no source info available)
V  [jvm.dll+0x78d34d]  (no source info available)
V  [jvm.dll+0xa14d4c]  (no source info available)
V  [jvm.dll+0xa1754c]  (no source info available)
V  [jvm.dll+0xa17c43]  (no source info available)
V  [jvm.dll+0x308ae6]  (no source info available)
V  [jvm.dll+0x7c0155]  (no source info available)
V  [jvm.dll+0x7b3067]  (no source info available)
V  [jvm.dll+0x402f1e]  (no source info available)
V  [jvm.dll+0x40ad3b]  (no source info available)
V  [jvm.dll+0x3f7579]  (no source info available)
V  [jvm.dll+0x3f782b]  (no source info available)
V  [jvm.dll+0x3cd833]  (no source info available)
V  [jvm.dll+0x3ce49e]  (no source info available)
V  [jvm.dll+0x9dae27]  (no source info available)
V  [jvm.dll+0x4686b2]  (no source info available)
V  [jvm.dll+0x9be559]  (no source info available)
V  [jvm.dll+0x50ac41]  (no source info available)
V  [jvm.dll+0x50c5b1]  (no source info available)
C  [jli.dll+0x5422]  (no source info available)
C  [ucrtbase.dll+0x21bb2]  (no source info available)
C  [KERNEL32.DLL+0x17374]  (no source info available)
C  [ntdll.dll+0x4cc91]  (no source info available)

Lock stack of current Java thread (top to bottom):


---------------  P R O C E S S  ---------------

Threads class SMR info:
_java_thread_list=0x00007fffd3f82108, length=0, elements={
}

Java Threads: ( => current thread )
Total: 0

Other Threads:
  0x000001c0e2633570 WorkerThread "GC Thread#0"                     [id=15224, stack(0x0000006b35400000,0x0000006b35500000) (1024K)]
  0x000001c0e264d590 ConcurrentGCThread "G1 Main Marker"            [id=31288, stack(0x0000006b35500000,0x0000006b35600000) (1024K)]
  0x000001c0e264f2c0 WorkerThread "G1 Conc#0"                       [id=2748, stack(0x0000006b35600000,0x0000006b35700000) (1024K)]

[error occurred during error reporting (printing all threads), id 0xc0000005, EXCEPTION_ACCESS_VIOLATION (0xc0000005) at pc=0x00007fffd359261a]
VM state: not at safepoint (not fully initialized)

VM Mutex/Monitor currently owned by a thread:  ([mutex/lock_event])
[0x00007fffd400b060] Heap_lock - owner thread: 0x000001c0e01529f0

Heap address: 0x0000000703200000, size: 4046 MB, Compressed Oops mode: Zero based, Oop shift amount: 3

CDS archive(s) mapped at: [0x0000000000000000-0x0000000000000000-0x0000000000000000), size 0, SharedBaseAddress: 0x0000000800000000, ArchiveRelocationMode: 1.
UseCompressedClassPointers 1, UseCompactObjectHeaders 0
Narrow klass pointer bits 32, Max shift 3
Narrow klass base: 0xffffffffffffffff, Narrow klass shift: -1
Encoding Range: [0xffffffffffffffff - 0x000000007fffffff), (2147483648 bytes)
Klass Range:    [0x0000000000000000 - 0x0000000000000000), (0 bytes)
Klass ID Range:  [4294967295 - 0) (1)
No protection zone.

GC Precious Log:
 CardTable entry size: 512
 Card Set container configuration: InlinePtr #cards 4 size 8 Array Of Cards #cards 16 size 48 Howl #buckets 8 coarsen threshold 3686 Howl Bitmap #cards 512 size 80 coarsen threshold 460 Card regions per heap region 1 cards per card region 4096

Heap:
 garbage-first heap   total reserved 4143104K, committed 0K, used 0K [0x0000000703200000, 0x0000000800000000)
  region size 2048K, 0 young (0K), 0 survivors (0K)

Heap Regions: E=young(eden), S=young(survivor), O=old, HS=humongous(starts), HC=humongous(continues), CS=collection set, F=free, TAMS=top-at-mark-start, PB=parsable bottom

Card table byte_map: [0x000001c0f5eb0000,0x000001c0f66a0000] _byte_map_base: 0x000001c0f2697000

Marking Bits: (CMBitMap*) 0x000001c0e2635110
 Bits: [0x000001c0f66a0000, 0x000001c0fa5d8000)

GC Heap Usage History (0 events):
No events

Metaspace Usage History (0 events):
No events

Dll operation events (2 events):
Event: 0.006 Attempting to load shared library D:\IntelliJ IDEA 2026.2.2\jbr\bin\java.dll
Event: 0.008 Loaded shared library D:\IntelliJ IDEA 2026.2.2\jbr\bin\java.dll

Deoptimization events (0 events):
No events

Classes loaded (0 events):
No events

Classes unloaded (0 events):
No events

Classes redefined (0 events):
No events

Internal exceptions (0 events):
No events

VM Operations (0 events):
No events

Memory protections (0 events):
No events

Nmethod flushes (0 events):
No events

Events (0 events):
No events


Dynamic libraries:
0x00007ff759ee0000 - 0x00007ff759eea000 	D:\IntelliJ IDEA 2026.2.2\jbr\bin\java.exe
0x00007ff841910000 - 0x00007ff841b08000 	C:\WINDOWS\SYSTEM32\ntdll.dll
0x00007ff83ff70000 - 0x00007ff840032000 	C:\WINDOWS\System32\KERNEL32.DLL
0x00007ff83f250000 - 0x00007ff83f546000 	C:\WINDOWS\System32\KERNELBASE.dll
0x00007ff83f6e0000 - 0x00007ff83f7e0000 	C:\WINDOWS\System32\ucrtbase.dll
0x00007ff82b1a0000 - 0x00007ff82b1b7000 	D:\IntelliJ IDEA 2026.2.2\jbr\bin\jli.dll
0x00007ff83a7c0000 - 0x00007ff83a7de000 	D:\IntelliJ IDEA 2026.2.2\jbr\bin\VCRUNTIME140.dll
0x00007ff840280000 - 0x00007ff840421000 	C:\WINDOWS\System32\USER32.dll
0x00007ff83f5a0000 - 0x00007ff83f5c2000 	C:\WINDOWS\System32\win32u.dll
0x00007ff840170000 - 0x00007ff84019b000 	C:\WINDOWS\System32\GDI32.dll
0x00007ff83f7e0000 - 0x00007ff83f8f9000 	C:\WINDOWS\System32\gdi32full.dll
0x00007ff83f050000 - 0x00007ff83f0ed000 	C:\WINDOWS\System32\msvcp_win.dll
0x00007ff8280a0000 - 0x00007ff82833b000 	C:\WINDOWS\WinSxS\amd64_microsoft.windows.common-controls_6595b64144ccf1df_6.0.19041.6456_none_60b8a6cb71f64256\COMCTL32.dll
0x00007ff8405d0000 - 0x00007ff84066e000 	C:\WINDOWS\System32\msvcrt.dll
0x00007ff840490000 - 0x00007ff8404bf000 	C:\WINDOWS\System32\IMM32.DLL
0x00007ff83a8f0000 - 0x00007ff83a8fc000 	D:\IntelliJ IDEA 2026.2.2\jbr\bin\vcruntime140_1.dll
0x00007ff806a10000 - 0x00007ff806a99000 	D:\IntelliJ IDEA 2026.2.2\jbr\bin\msvcp140.dll
0x00007fffd31b0000 - 0x00007fffd410b000 	D:\IntelliJ IDEA 2026.2.2\jbr\bin\server\jvm.dll
0x00007ff841810000 - 0x00007ff8418c1000 	C:\WINDOWS\System32\ADVAPI32.dll
0x00007ff8404d0000 - 0x00007ff84056f000 	C:\WINDOWS\System32\sechost.dll
0x00007ff8414d0000 - 0x00007ff8415f0000 	C:\WINDOWS\System32\RPCRT4.dll
0x00007ff83f900000 - 0x00007ff83f927000 	C:\WINDOWS\System32\bcrypt.dll
0x00007ff8415f0000 - 0x00007ff84165b000 	C:\WINDOWS\System32\WS2_32.dll
0x00007ff83e4f0000 - 0x00007ff83e53b000 	C:\WINDOWS\SYSTEM32\POWRPROF.dll
0x00007ff83a010000 - 0x00007ff83a01a000 	C:\WINDOWS\SYSTEM32\VERSION.dll
0x00007ff83c930000 - 0x00007ff83c957000 	C:\WINDOWS\SYSTEM32\WINMM.dll
0x00007ff83e360000 - 0x00007ff83e372000 	C:\WINDOWS\SYSTEM32\UMPDC.dll
0x00007ff83d760000 - 0x00007ff83d772000 	C:\WINDOWS\SYSTEM32\kernel.appcore.dll
0x00007ff83a7b0000 - 0x00007ff83a7ba000 	D:\IntelliJ IDEA 2026.2.2\jbr\bin\jimage.dll
0x00007ff83ccc0000 - 0x00007ff83cec1000 	C:\WINDOWS\SYSTEM32\DBGHELP.DLL
0x00007ff817dc0000 - 0x00007ff817df4000 	C:\WINDOWS\SYSTEM32\dbgcore.DLL
0x00007ff83f5d0000 - 0x00007ff83f652000 	C:\WINDOWS\System32\bcryptPrimitives.dll
0x00007ff83a760000 - 0x00007ff83a77f000 	D:\IntelliJ IDEA 2026.2.2\jbr\bin\java.dll
0x00007ff840040000 - 0x00007ff84016b000 	C:\WINDOWS\System32\ole32.dll
0x00007ff840670000 - 0x00007ff8409c4000 	C:\WINDOWS\System32\combase.dll
0x00007ff840d60000 - 0x00007ff8414d0000 	C:\WINDOWS\System32\SHELL32.dll

JVMTI agents: none

dbghelp: loaded successfully - version: 4.0.5 - missing functions: none
symbol engine: initialized successfully - sym options: 0x614 - pdb path: .;D:\IntelliJ IDEA 2026.2.2\jbr\bin;C:\WINDOWS\SYSTEM32;C:\WINDOWS\WinSxS\amd64_microsoft.windows.common-controls_6595b64144ccf1df_6.0.19041.6456_none_60b8a6cb71f64256;D:\IntelliJ IDEA 2026.2.2\jbr\bin\server

VM Arguments:
java_command: externalApp.nativessh.NativeSshAskPassApp Enter passphrase for key '/c/Users/Pezi/.ssh/github_ed25519': 
java_class_path (initial): D:/IntelliJ IDEA 2026.2.2/lib/externalProcess-rt.jar
Launcher Type: SUN_STANDARD

[Global flags]
     intx CICompilerCount                          = 4                                         {product} {ergonomic}
     uint ConcGCThreads                            = 3                                         {product} {ergonomic}
     uint G1ConcRefinementThreads                  = 10                                        {product} {ergonomic}
   size_t G1HeapRegionSize                         = 2097152                                   {product} {ergonomic}
   size_t InitialHeapSize                          = 266338304                                 {product} {ergonomic}
   size_t MarkStackSize                            = 4194304                                   {product} {ergonomic}
   size_t MarkStackSizeMax                         = 536870912                                 {product} {ergonomic}
   size_t MaxHeapSize                              = 4242538496                                {product} {ergonomic}
   size_t MinHeapDeltaBytes                        = 2097152                                   {product} {ergonomic}
   size_t MinHeapSize                              = 8388608                                   {product} {ergonomic}
    uintx NonNMethodCodeHeapSize                   = 5898240                                {pd product} {ergonomic}
    uintx NonProfiledCodeHeapSize                  = 122945536                              {pd product} {ergonomic}
    uintx ProfiledCodeHeapSize                     = 122945536                              {pd product} {ergonomic}
    uintx ReservedCodeCacheSize                    = 251789312                              {pd product} {ergonomic}
     bool SegmentedCodeCache                       = true                                      {product} {ergonomic}
   size_t SoftMaxHeapSize                          = 4242538496                             {manageable} {ergonomic}
     bool UseCompressedOops                        = true                           {product lp64_product} {ergonomic}
     bool UseG1GC                                  = true                                      {product} {ergonomic}
     bool UseLargePagesIndividualAllocation        = false                                  {pd product} {ergonomic}

Logging:
Log output configuration:
 #0: stdout all=warning uptime,level,tags foldmultilines=false
 #1: stderr all=off uptime,level,tags foldmultilines=false

Release file:
<release file has not been read>
Environment Variables:
JAVA_HOME=D:\jdk 1.8.0 new\openlogic-openjdk-8u262-b10-win-64
PATH=C:\Program Files\Git\mingw64\libexec\git-core;C:\Program Files\Git\mingw64\bin;C:\Program Files\Git\usr\bin;C:\Users\Pezi\bin;C:\Program Files\Common Files\Oracle\Java\javapath;C:\Program Files (x86)\Common Files\Oracle\Java\javapath;C:\Windows\System32;C:\Windows;C:\Windows\System32\wbem;C:\Windows\System32\WindowsPowerShell\v1.0;C:\Windows\System32\OpenSSH;C:\Program Files (x86)\NVIDIA Corporation\PhysX\Common;C:\Program Files\Java\jdk-15\bin;C:\Program Files\Intel\WiFi\bin;C:\Program Files\Common Files\Intel\WirelessCommon;C:\Program Files\Git\cmd;D:\IMST KOLLEG\KOLLEG 3.-4. Semester\POS LANDERER\Installationsdateien\apache-maven-3.6.2-bin\bin;D:\IMST KOLLEG\KOLLEG 3.-4. Semester\POS LANDERER\Installationsdateien\apache-maven-3.6.2-bin\apache-maven-3.6.2\bin;C:\Windows\System32;C:\Windows;C:\Windows\System32\wbem;C:\Windows\System32\WindowsPowerShell\v1.0;C:\Windows\System32\OpenSSH;C:\xamppnew\php;C:\composer;D:\Programme\GPG\GnuPG\bin;C:\ProgramData\ComposerSetup\bin;C:\Program Files (x86)\Windows Live\Shared;C:\Users\Pezi\AppData\Local\Programs\Python\Python39;C:\ProgramData\chocolatey\bin;C:\Users\Pezi\AppData\Local\Programs\Python\Python39\Scripts;C:\Program Files\dotnet;F:\Programme\ffmpeg\bin;C:\Users\Pezi\AppData\Roaming\nvm;C:\Program Files\nodejs;D:\Docker\resources\bin;D:\Programme\Python3.12\Scripts;D:\Programme\Python3.12;C:\Program Files\Java\jdk-15\bin;C:\Users\Pezi\AppData\Local\Microsoft\WindowsApps;C:\Program Files\Intel\WiFi\bin;C:\Program Files\Common Files\Intel\WirelessCommon;C:\Users\Pezi\AppData\Local\Programs\Microsoft VS Code\bin;C:\Program Files\JetBrains\IntelliJ IDEA 2018.3.5\bin;C:\Users\Pezi\AppData\Roaming\npm;C:\Program Files\JetBrains\IntelliJ IDEA 2020.2.2\bin;C:\Users\Pezi\AppData\Local\Programs\MiKTeX\miktex\bin\x64;C:\Program Files\JetBrains\PyCharm Community Edition 2020.3\bin;C:\Users\Pezi\AppData\Local\Microsoft\WindowsApps;C:\Users\Pezi\AppData\Roaming\Composer\vendor\bin;C:\Users\Pezi\AppData\Roaming\nvm;C:\Program Files\nodejs;C:\xamppnew\php;C:\Users\Pezi\AppData\Local\Muse Hub\lib;D:\IntelliJ IDEA 2026.2.2\bin
USERNAME=Pezi
DISPLAY=:0.0
LC_ALL=en_US.UTF-8
TERM=cygwin
TMPDIR=C:\Users\Pezi\AppData\Local\Temp
OS=Windows_NT
PROCESSOR_IDENTIFIER=Intel64 Family 6 Model 158 Stepping 10, GenuineIntel
TMP=C:\Users\Pezi\AppData\Local\Temp
TEMP=C:\Users\Pezi\AppData\Local\Temp




Compilation memory statistics disabled.

Periodic native trim disabled

JNI global refs:
JNI global refs: 0, weak refs: 0

JNI global refs memory usage: 0, weak refs: 0

Process memory usage:
Resident Set Size: 12472K (0% of 16566556K total physical memory with 672328K free physical memory)

OOME stack traces (most recent first):
Classloader memory used:

---------------  S Y S T E M  ---------------

OS:
 Windows 10 , 64 bit Build 19041 (10.0.19041.5915)
OS uptime: 279 days 17:15 hours
Hyper-V role detected

CPU: total 12 (initial active 12) (6 cores per cpu, 2 threads per core) family 6 model 158 stepping 10 microcode 0xb4, cx8, cmov, fxsr, ht, mmx, 3dnowpref, sse, sse2, sse3, ssse3, sse4.1, sse4.2, popcnt, lzcnt, tsc, tscinvbit, avx, avx2, aes, erms, clmul, bmi1, bmi2, adx, fma, vzeroupper, clflush, clflushopt, hv, rdtscp, f16c
Processor Information for the first 12 processors :
  Max Mhz: 2208, Current Mhz: 2208, Mhz Limit: 2208

Memory: 4k page, system-wide physical 16178M (656M free)
TotalPageFile size 31255M (AvailPageFile size 134M)
current process WorkingSet (physical memory assigned to process): 12M, peak: 12M
current process commit charge ("private bytes"): 64M, peak: 318M

vm_info: OpenJDK 64-Bit Server VM (25.0.4+1-b508.27) for windows-amd64 JRE (25.0.4+1-b508.27), built on 2026-07-30 with MS VC++ 17.14 (VS2022)

END.
